0001-build-Android-iOS-dest-os-and-toolchain-configure.py.patch	android_configure.py
0001-build-Android-iOS-dest-os-and-toolchain-configure.py.patch	configure.py
0002-build-mobile-platform-settings-in-common.gypi.patch	common.gypi
0003-build-mobile-targets-in-node.gyp-node.gypi.patch	node.gyp
0003-build-mobile-targets-in-node.gyp-node.gypi.patch	node.gypi
0004-build-v8-mobile-host-target-settings-in-v8-gypfiles.patch	tools/v8_gypfiles/toolchain.gypi
0004-build-v8-mobile-host-target-settings-in-v8-gypfiles.patch	tools/v8_gypfiles/v8.gyp
0005-build-gyp-mobile-flavor-handling-in-gyp-generators.patch	tools/gyp/pylib/gyp/common.py
0005-build-gyp-mobile-flavor-handling-in-gyp-generators.patch	tools/gyp/pylib/gyp/generator/make.py
0005-build-gyp-mobile-flavor-handling-in-gyp-generators.patch	tools/gyp/pylib/gyp/generator/ninja.py
0005-build-gyp-mobile-flavor-handling-in-gyp-generators.patch	tools/gyp/pylib/gyp/xcode_emulation.py
0006-src-mobile-platform-guards-in-node.cc-node_internals.patch	src/node.cc
0006-src-mobile-platform-guards-in-node.cc-node_internals.patch	src/node_internals.h
0007-src-guard-POSIX-credential-APIs-on-Android.patch	src/node_credentials.cc
0008-src-skip-unclonable-env-vars-on-Android.patch	src/node_env_var.cc
0009-src-expose-the-mobile-version-key-in-metadata.patch	src/node_metadata.cc
0009-src-expose-the-mobile-version-key-in-metadata.patch	src/node_metadata.h
0010-src-crypto-mobile-adjustment-in-crypto_context.cc.patch	src/crypto/crypto_context.cc
0011-deps-uv-mobile-libuv-patches.patch	deps/uv/src/unix/darwin.c
0011-deps-uv-mobile-libuv-patches.patch	deps/uv/src/unix/fs.c
0011-deps-uv-mobile-libuv-patches.patch	deps/uv/uv.gyp
0012-deps-v8-disable-trap-handler-mobile-platform-tweaks.patch	android-patches/trap-handler.h.patch
0012-deps-v8-disable-trap-handler-mobile-platform-tweaks.patch	deps/v8/src/base/platform/platform-posix.cc
0012-deps-v8-disable-trap-handler-mobile-platform-tweaks.patch	deps/v8/src/heap/base/asm/x64/push_registers_asm.cc
0012-deps-v8-disable-trap-handler-mobile-platform-tweaks.patch	deps/v8/src/trap-handler/handler-outside.cc
0012-deps-v8-disable-trap-handler-mobile-platform-tweaks.patch	deps/v8/src/trap-handler/trap-handler.h
0013-deps-cares-guard-sys-random.h-on-iOS-android-config.patch	deps/cares/config/darwin/ares_config.h
0014-deps-mobile-gyp-tweaks-zlib-ngtcp2-openssl.patch	deps/openssl/openssl_no_asm.gypi
0014-deps-mobile-gyp-tweaks-zlib-ngtcp2-openssl.patch	deps/zlib/zlib.gyp
0015-lib-mobile-adjustment-in-cjs-module-loader.patch	lib/internal/modules/cjs/loader.js
0016-test-mobile-test-harness.patch	test/common/index.js
0016-test-mobile-test-harness.patch	test/common/index.mjs
0016-test-mobile-test-harness.patch	test/message/message.status
0016-test-mobile-test-harness.patch	test/message/testcfg.py
0016-test-mobile-test-harness.patch	tools/test.py
0017-test-skip-adapt-parallel-and-sequential-tests-for-mo.patch	test/parallel/parallel.status
0017-test-skip-adapt-parallel-and-sequential-tests-for-mo.patch	test/parallel/test-dgram-bind-fd.js
0017-test-skip-adapt-parallel-and-sequential-tests-for-mo.patch	test/parallel/test-dgram-membership.js
0017-test-skip-adapt-parallel-and-sequential-tests-for-mo.patch	test/parallel/test-dgram-socket-buffer-size.js
0017-test-skip-adapt-parallel-and-sequential-tests-for-mo.patch	test/parallel/test-fs-copyfile.js
0017-test-skip-adapt-parallel-and-sequential-tests-for-mo.patch	test/parallel/test-fs-lchmod.js
0017-test-skip-adapt-parallel-and-sequential-tests-for-mo.patch	test/parallel/test-fs-mkdir.js
0017-test-skip-adapt-parallel-and-sequential-tests-for-mo.patch	test/parallel/test-fs-open-flags.js
0017-test-skip-adapt-parallel-and-sequential-tests-for-mo.patch	test/parallel/test-fs-promises.js
0017-test-skip-adapt-parallel-and-sequential-tests-for-mo.patch	test/parallel/test-fs-read-file-sync-hostname.js
0017-test-skip-adapt-parallel-and-sequential-tests-for-mo.patch	test/parallel/test-fs-readdir-stack-overflow.js
0017-test-skip-adapt-parallel-and-sequential-tests-for-mo.patch	test/parallel/test-fs-readdir-ucs2.js
0017-test-skip-adapt-parallel-and-sequential-tests-for-mo.patch	test/parallel/test-fs-realpath-native.js
0017-test-skip-adapt-parallel-and-sequential-tests-for-mo.patch	test/parallel/test-fs-realpath.js
0017-test-skip-adapt-parallel-and-sequential-tests-for-mo.patch	test/parallel/test-fs-rmdir-recursive.js
0017-test-skip-adapt-parallel-and-sequential-tests-for-mo.patch	test/parallel/test-fs-stat.js
0017-test-skip-adapt-parallel-and-sequential-tests-for-mo.patch	test/parallel/test-fs-watch.js
0017-test-skip-adapt-parallel-and-sequential-tests-for-mo.patch	test/parallel/test-fs-watchfile.js
0017-test-skip-adapt-parallel-and-sequential-tests-for-mo.patch	test/parallel/test-http-response-setheaders.js
0017-test-skip-adapt-parallel-and-sequential-tests-for-mo.patch	test/parallel/test-http2-respond-file-error-dir.js
0017-test-skip-adapt-parallel-and-sequential-tests-for-mo.patch	test/parallel/test-net-connect-options-fd.js
0017-test-skip-adapt-parallel-and-sequential-tests-for-mo.patch	test/parallel/test-os.js
0017-test-skip-adapt-parallel-and-sequential-tests-for-mo.patch	test/parallel/test-parse-args.mjs
0017-test-skip-adapt-parallel-and-sequential-tests-for-mo.patch	test/parallel/test-process-constants-noatime.js
0017-test-skip-adapt-parallel-and-sequential-tests-for-mo.patch	test/parallel/test-process-dlopen-error-message-crash.js
0017-test-skip-adapt-parallel-and-sequential-tests-for-mo.patch	test/parallel/test-process-getactiveresources-track-active-requests.js
0017-test-skip-adapt-parallel-and-sequential-tests-for-mo.patch	test/parallel/test-process-getactiveresources.js
0017-test-skip-adapt-parallel-and-sequential-tests-for-mo.patch	test/parallel/test-process-versions.js
0017-test-skip-adapt-parallel-and-sequential-tests-for-mo.patch	test/parallel/test-repl-options.js
0017-test-skip-adapt-parallel-and-sequential-tests-for-mo.patch	test/parallel/test-runner-concurrency.js
0017-test-skip-adapt-parallel-and-sequential-tests-for-mo.patch	test/parallel/test-signal-handler.js
0017-test-skip-adapt-parallel-and-sequential-tests-for-mo.patch	test/parallel/test-watch-mode-files_watcher.mjs
0017-test-skip-adapt-parallel-and-sequential-tests-for-mo.patch	test/sequential/sequential.status
0017-test-skip-adapt-parallel-and-sequential-tests-for-mo.patch	test/sequential/test-async-wrap-getasyncid.js
0017-test-skip-adapt-parallel-and-sequential-tests-for-mo.patch	test/sequential/test-fs-watch.js
0018-doc-build-mobile-notes-and-ignores.patch	.gitignore
0018-doc-build-mobile-notes-and-ignores.patch	README.md
0019-ci-remove-upstream-only-workflows-and-config.patch	.github/ISSUE_TEMPLATE/config.yml
0019-ci-remove-upstream-only-workflows-and-config.patch	.github/SUPPORT.md
0019-ci-remove-upstream-only-workflows-and-config.patch	.github/label-pr-config.yml
0019-ci-remove-upstream-only-workflows-and-config.patch	.github/workflows/auto-start-ci.yml
0019-ci-remove-upstream-only-workflows-and-config.patch	.github/workflows/build-tarball.yml
0019-ci-remove-upstream-only-workflows-and-config.patch	.github/workflows/close-stalled.yml
0019-ci-remove-upstream-only-workflows-and-config.patch	.github/workflows/comment-labeled.yml
0019-ci-remove-upstream-only-workflows-and-config.patch	.github/workflows/commit-lint-problem-matcher.json
0019-ci-remove-upstream-only-workflows-and-config.patch	.github/workflows/commit-lint.yml
0019-ci-remove-upstream-only-workflows-and-config.patch	.github/workflows/commit-queue.yml
0019-ci-remove-upstream-only-workflows-and-config.patch	.github/workflows/coverage-linux-without-intl.yml
0019-ci-remove-upstream-only-workflows-and-config.patch	.github/workflows/coverage-linux.yml
0019-ci-remove-upstream-only-workflows-and-config.patch	.github/workflows/coverage-windows.yml
0019-ci-remove-upstream-only-workflows-and-config.patch	.github/workflows/daily-wpt-fyi.yml
0019-ci-remove-upstream-only-workflows-and-config.patch	.github/workflows/daily.yml
0019-ci-remove-upstream-only-workflows-and-config.patch	.github/workflows/doc.yml
0019-ci-remove-upstream-only-workflows-and-config.patch	.github/workflows/find-inactive-collaborators.yml
0019-ci-remove-upstream-only-workflows-and-config.patch	.github/workflows/find-inactive-tsc.yml
0019-ci-remove-upstream-only-workflows-and-config.patch	.github/workflows/label-flaky-test-issue.yml
0019-ci-remove-upstream-only-workflows-and-config.patch	.github/workflows/label-pr.yml
0019-ci-remove-upstream-only-workflows-and-config.patch	.github/workflows/license-builder.yml
0019-ci-remove-upstream-only-workflows-and-config.patch	.github/workflows/linters.yml
0019-ci-remove-upstream-only-workflows-and-config.patch	.github/workflows/notify-on-push.yml
0019-ci-remove-upstream-only-workflows-and-config.patch	.github/workflows/remark-lint-problem-matcher.json
0019-ci-remove-upstream-only-workflows-and-config.patch	.github/workflows/scorecard.yml
0019-ci-remove-upstream-only-workflows-and-config.patch	.github/workflows/test-internet.yml
0019-ci-remove-upstream-only-workflows-and-config.patch	.github/workflows/test-linux.yml
0019-ci-remove-upstream-only-workflows-and-config.patch	.github/workflows/test-macos.yml
0019-ci-remove-upstream-only-workflows-and-config.patch	.github/workflows/timezone-update.yml
0019-ci-remove-upstream-only-workflows-and-config.patch	.github/workflows/tools.yml
0019-ci-remove-upstream-only-workflows-and-config.patch	.github/workflows/update-openssl.yml
0019-ci-remove-upstream-only-workflows-and-config.patch	.github/workflows/update-v8.yml
0020-lib-install-a-WebAssembly-polyfill-when-the-engine-h.patch	LICENSE
0020-lib-install-a-WebAssembly-polyfill-when-the-engine-h.patch	lib/internal/process/pre_execution.js
