build-Android-iOS-dest-os-and-toolchain-configure.py.patch	android_configure.py
build-Android-iOS-dest-os-and-toolchain-configure.py.patch	configure.py
build-mobile-platform-settings-in-common.gypi.patch	common.gypi
build-mobile-targets-in-node.gyp-node.gypi.patch	node.gyp
build-mobile-targets-in-node.gyp-node.gypi.patch	node.gypi
build-v8-mobile-host-target-settings-in-v8-gypfiles.patch	tools/v8_gypfiles/toolchain.gypi
build-v8-mobile-host-target-settings-in-v8-gypfiles.patch	tools/v8_gypfiles/v8.gyp
build-gyp-mobile-flavor-handling-in-gyp-generators.patch	tools/gyp/pylib/gyp/common.py
build-gyp-mobile-flavor-handling-in-gyp-generators.patch	tools/gyp/pylib/gyp/generator/make.py
build-gyp-mobile-flavor-handling-in-gyp-generators.patch	tools/gyp/pylib/gyp/generator/ninja.py
build-gyp-mobile-flavor-handling-in-gyp-generators.patch	tools/gyp/pylib/gyp/xcode_emulation.py
src-mobile-platform-guards-in-node.cc-node_internals.patch	src/node.cc
src-mobile-platform-guards-in-node.cc-node_internals.patch	src/node_internals.h
src-guard-POSIX-credential-APIs-on-Android.patch	src/node_credentials.cc
src-skip-unclonable-env-vars-on-Android.patch	src/node_env_var.cc
src-expose-the-mobile-version-key-in-metadata.patch	src/node_metadata.cc
src-expose-the-mobile-version-key-in-metadata.patch	src/node_metadata.h
src-crypto-mobile-adjustment-in-crypto_context.cc.patch	src/crypto/crypto_context.cc
deps-uv-mobile-libuv-patches.patch	deps/uv/src/unix/darwin.c
deps-uv-mobile-libuv-patches.patch	deps/uv/src/unix/fs.c
deps-uv-mobile-libuv-patches.patch	deps/uv/uv.gyp
deps-v8-disable-trap-handler-mobile-platform-tweaks.patch	android-patches/trap-handler.h.patch
deps-v8-disable-trap-handler-mobile-platform-tweaks.patch	deps/v8/src/base/platform/platform-posix.cc
deps-v8-disable-trap-handler-mobile-platform-tweaks.patch	deps/v8/src/heap/base/asm/x64/push_registers_asm.cc
deps-v8-disable-trap-handler-mobile-platform-tweaks.patch	deps/v8/src/trap-handler/handler-outside.cc
deps-v8-disable-trap-handler-mobile-platform-tweaks.patch	deps/v8/src/trap-handler/trap-handler.h
deps-cares-guard-sys-random.h-on-iOS.patch	deps/cares/config/darwin/ares_config.h
deps-mobile-gyp-tweaks-zlib-openssl.patch	deps/openssl/openssl_no_asm.gypi
deps-mobile-gyp-tweaks-zlib-openssl.patch	deps/zlib/zlib.gyp
test-mobile-test-harness.patch	test/common/index.js
test-mobile-test-harness.patch	test/common/index.mjs
test-mobile-test-harness.patch	test/message/message.status
test-mobile-test-harness.patch	test/message/testcfg.py
test-mobile-test-harness.patch	tools/test.py
test-skip-adapt-parallel-and-sequential-tests-for-mo.patch	test/parallel/parallel.status
test-skip-adapt-parallel-and-sequential-tests-for-mo.patch	test/parallel/test-dgram-bind-fd.js
test-skip-adapt-parallel-and-sequential-tests-for-mo.patch	test/parallel/test-dgram-membership.js
test-skip-adapt-parallel-and-sequential-tests-for-mo.patch	test/parallel/test-dgram-socket-buffer-size.js
test-skip-adapt-parallel-and-sequential-tests-for-mo.patch	test/parallel/test-fs-copyfile.js
test-skip-adapt-parallel-and-sequential-tests-for-mo.patch	test/parallel/test-fs-lchmod.js
test-skip-adapt-parallel-and-sequential-tests-for-mo.patch	test/parallel/test-fs-mkdir.js
test-skip-adapt-parallel-and-sequential-tests-for-mo.patch	test/parallel/test-fs-open-flags.js
test-skip-adapt-parallel-and-sequential-tests-for-mo.patch	test/parallel/test-fs-promises.js
test-skip-adapt-parallel-and-sequential-tests-for-mo.patch	test/parallel/test-fs-read-file-sync-hostname.js
test-skip-adapt-parallel-and-sequential-tests-for-mo.patch	test/parallel/test-fs-readdir-stack-overflow.js
test-skip-adapt-parallel-and-sequential-tests-for-mo.patch	test/parallel/test-fs-readdir-ucs2.js
test-skip-adapt-parallel-and-sequential-tests-for-mo.patch	test/parallel/test-fs-realpath-native.js
test-skip-adapt-parallel-and-sequential-tests-for-mo.patch	test/parallel/test-fs-realpath.js
test-skip-adapt-parallel-and-sequential-tests-for-mo.patch	test/parallel/test-fs-rmdir-recursive.js
test-skip-adapt-parallel-and-sequential-tests-for-mo.patch	test/parallel/test-fs-stat.js
test-skip-adapt-parallel-and-sequential-tests-for-mo.patch	test/parallel/test-fs-watch.js
test-skip-adapt-parallel-and-sequential-tests-for-mo.patch	test/parallel/test-fs-watchfile.js
test-skip-adapt-parallel-and-sequential-tests-for-mo.patch	test/parallel/test-http-response-setheaders.js
test-skip-adapt-parallel-and-sequential-tests-for-mo.patch	test/parallel/test-http2-respond-file-error-dir.js
test-skip-adapt-parallel-and-sequential-tests-for-mo.patch	test/parallel/test-net-connect-options-fd.js
test-skip-adapt-parallel-and-sequential-tests-for-mo.patch	test/parallel/test-os.js
test-skip-adapt-parallel-and-sequential-tests-for-mo.patch	test/parallel/test-parse-args.mjs
test-skip-adapt-parallel-and-sequential-tests-for-mo.patch	test/parallel/test-process-constants-noatime.js
test-skip-adapt-parallel-and-sequential-tests-for-mo.patch	test/parallel/test-process-dlopen-error-message-crash.js
test-skip-adapt-parallel-and-sequential-tests-for-mo.patch	test/parallel/test-process-getactiveresources-track-active-requests.js
test-skip-adapt-parallel-and-sequential-tests-for-mo.patch	test/parallel/test-process-getactiveresources.js
test-skip-adapt-parallel-and-sequential-tests-for-mo.patch	test/parallel/test-process-versions.js
test-skip-adapt-parallel-and-sequential-tests-for-mo.patch	test/parallel/test-repl-options.js
test-skip-adapt-parallel-and-sequential-tests-for-mo.patch	test/parallel/test-runner-concurrency.js
test-skip-adapt-parallel-and-sequential-tests-for-mo.patch	test/parallel/test-signal-handler.js
test-skip-adapt-parallel-and-sequential-tests-for-mo.patch	test/parallel/test-watch-mode-files_watcher.mjs
test-skip-adapt-parallel-and-sequential-tests-for-mo.patch	test/sequential/sequential.status
test-skip-adapt-parallel-and-sequential-tests-for-mo.patch	test/sequential/test-async-wrap-getasyncid.js
test-skip-adapt-parallel-and-sequential-tests-for-mo.patch	test/sequential/test-fs-watch.js
doc-build-mobile-notes-and-ignores.patch	.gitignore
doc-build-mobile-notes-and-ignores.patch	README.md
ci-remove-upstream-only-workflows-and-config.patch	.github/ISSUE_TEMPLATE/config.yml
ci-remove-upstream-only-workflows-and-config.patch	.github/SUPPORT.md
ci-remove-upstream-only-workflows-and-config.patch	.github/label-pr-config.yml
ci-remove-upstream-only-workflows-and-config.patch	.github/workflows/auto-start-ci.yml
ci-remove-upstream-only-workflows-and-config.patch	.github/workflows/build-tarball.yml
ci-remove-upstream-only-workflows-and-config.patch	.github/workflows/close-stalled.yml
ci-remove-upstream-only-workflows-and-config.patch	.github/workflows/codeql.yml
ci-remove-upstream-only-workflows-and-config.patch	.github/workflows/comment-labeled.yml
ci-remove-upstream-only-workflows-and-config.patch	.github/workflows/commit-lint-problem-matcher.json
ci-remove-upstream-only-workflows-and-config.patch	.github/workflows/commit-lint.yml
ci-remove-upstream-only-workflows-and-config.patch	.github/workflows/commit-queue.yml
ci-remove-upstream-only-workflows-and-config.patch	.github/workflows/coverage-linux-without-intl.yml
ci-remove-upstream-only-workflows-and-config.patch	.github/workflows/coverage-linux.yml
ci-remove-upstream-only-workflows-and-config.patch	.github/workflows/coverage-windows.yml
ci-remove-upstream-only-workflows-and-config.patch	.github/workflows/create-release-proposal.yml
ci-remove-upstream-only-workflows-and-config.patch	.github/workflows/daily-wpt-fyi.yml
ci-remove-upstream-only-workflows-and-config.patch	.github/workflows/daily.yml
ci-remove-upstream-only-workflows-and-config.patch	.github/workflows/doc.yml
ci-remove-upstream-only-workflows-and-config.patch	.github/workflows/find-inactive-collaborators.yml
ci-remove-upstream-only-workflows-and-config.patch	.github/workflows/find-inactive-tsc.yml
ci-remove-upstream-only-workflows-and-config.patch	.github/workflows/label-flaky-test-issue.yml
ci-remove-upstream-only-workflows-and-config.patch	.github/workflows/label-pr.yml
ci-remove-upstream-only-workflows-and-config.patch	.github/workflows/license-builder.yml
ci-remove-upstream-only-workflows-and-config.patch	.github/workflows/lint-release-proposal.yml
ci-remove-upstream-only-workflows-and-config.patch	.github/workflows/linters.yml
ci-remove-upstream-only-workflows-and-config.patch	.github/workflows/major-release.yml
ci-remove-upstream-only-workflows-and-config.patch	.github/workflows/notify-on-push.yml
ci-remove-upstream-only-workflows-and-config.patch	.github/workflows/notify-on-review-wanted.yml
ci-remove-upstream-only-workflows-and-config.patch	.github/workflows/post-release.yml
ci-remove-upstream-only-workflows-and-config.patch	.github/workflows/remark-lint-problem-matcher.json
ci-remove-upstream-only-workflows-and-config.patch	.github/workflows/scorecard.yml
ci-remove-upstream-only-workflows-and-config.patch	.github/workflows/stale.yml
ci-remove-upstream-only-workflows-and-config.patch	.github/workflows/test-internet.yml
ci-remove-upstream-only-workflows-and-config.patch	.github/workflows/test-linux.yml
ci-remove-upstream-only-workflows-and-config.patch	.github/workflows/test-macos.yml
ci-remove-upstream-only-workflows-and-config.patch	.github/workflows/timezone-update.yml
ci-remove-upstream-only-workflows-and-config.patch	.github/workflows/tools.yml
ci-remove-upstream-only-workflows-and-config.patch	.github/workflows/update-openssl.yml
ci-remove-upstream-only-workflows-and-config.patch	.github/workflows/update-v8.yml
ci-remove-upstream-only-workflows-and-config.patch	.github/workflows/update-wpt.yml
lib-install-a-WebAssembly-polyfill-when-the-engine-h.patch	LICENSE
lib-install-a-WebAssembly-polyfill-when-the-engine-h.patch	lib/internal/process/pre_execution.js
